Network: /home/center/Delta-Marabou/resources/nnet/test1.nnet
Number of layers: 3. Input layer size: 2. Output layer size: 1. Number of ReLUs: 2
Total number of variables: 7
Property: /home/center/Delta-Marabou/resources/nnet/testp.txt

Engine::processInputQuery: Input query (before preprocessing): 3 equations, 7 variables
Engine::processInputQuery: Input query (after preprocessing): 5 equations, 9 variables

Input bounds:
	x0: [ -1.0000,   1.0000] 
	x1: [ -1.0000,   1.0000] 

Branching heuristics set to LargestInterval

Engine::solve: Initial statistics

14:40:33 Statistics update:
	--- Time Statistics ---
	Total time elapsed: 0 milli (00:00:00)
		Main loop: 0 milli (00:00:00)
		Preprocessing time: 0 milli (00:00:00)
		Unknown: 0 milli (00:00:00)
	Breakdown for main loop:
		[0.00%] Simplex steps: 0 milli
		[0.00%] Explicit-basis bound tightening: 0 milli
		[0.00%] Constraint-matrix bound tightening: 0 milli
		[0.00%] Degradation checking: 0 milli
		[0.00%] Precision restoration: 0 milli
		[0.00%] Statistics handling: 0 milli
		[0.00%] Constraint-fixing steps: 0 milli
		[0.00%] Valid case splits: 0 milli. Average per split: 0.00 milli
		[0.00%] Applying stored bound-tightening: 0 milli
		[0.00%] SMT core: 0 milli
		[0.00%] Symbolic Bound Tightening: 0 milli
		[0.00%] SoI-based local search: 0 milli
		[0.00%] SoI-based local search: 0 milli
		[0.00%] Unaccounted for: 0 milli
	--- Preprocessor Statistics ---
	Number of preprocessor bound-tightening loop iterations: 3
	Number of eliminated variables: 0
	Number of constraints removed due to variable elimination: 0
	Number of equations removed due to variable elimination: 0
	--- Engine Statistics ---
	Number of main loop iterations: 1
		0 iterations were simplex steps. Total time: 0 milli. Average: 0.00 milli.
		0 iterations were constraint-fixing steps. Total time: 0 milli. Average: 0.00 milli
	Number of active piecewise-linear constraints: 2 / 2
		Constraints disabled by valid splits: 0. By SMT-originated splits: 0
	Last reported degradation: 0.0000000000. Max degradation so far: 0.0000000000. Restorations so far: 0
	Number of simplex pivots we attempted to skip because of instability: 0.
	Unstable pivots performed anyway: 0
	--- Tableau Statistics ---
	Total number of pivots performed: 0
		Real pivots: 0. Degenerate: 0 (0.00%)
		Degenerate pivots by request (e.g., to fix a PL constraint): 0 (0.00%)
		Average time per pivot: 0.00 milli
	Total number of fake pivots performed: 0
	Total number of rows added: 0. Number of merged columns: 0
	Current tableau dimensions: M = 5, N = 14
	--- SMT Core Statistics ---
	Total depth is 0. Total visited states: 1. Number of splits: 0. Number of pops: 0
	Max stack depth: 0
	--- Bound Tightening Statistics ---
	Number of tightened bounds: 0.
		Number of rows examined by row tightener: 0. Consequent tightenings: 0
		Number of explicit basis matrices examined by row tightener: 0. Consequent tightenings: 0
		Number of bound tightening rounds on the entire constraint matrix: 0. Consequent tightenings: 0
		Number of bound notifications sent to PL constraints: 12. Tightenings proposed: 0
	--- Basis Factorization statistics ---
	Number of basis refactorizations: 2
	--- Projected Steepest Edge Statistics ---
	Number of iterations: 0.
	Number of resets to reference space: 1. Avg. iterations per reset: 0
	--- SBT ---
	Number of tightened bounds: 0
	--- SoI-based local search ---
	Number of proposed phase pattern update: 0. Number of accepted update: 0 [0.00%]
	Total time (% of local search time) updating SoI phase pattern : 0 milli [0.00%]
	Total time obtaining current assignment: 0 milli [0.00%]
	Total time getting SoI phase pattern : 0 milli [0.00%]

---
fixing!
fixing!
fixing!
Before declaring sat, recomputing...

Engine::solve: sat assignment found

14:40:33 Statistics update:
	--- Time Statistics ---
	Total time elapsed: 0 milli (00:00:00)
		Main loop: 0 milli (00:00:00)
		Preprocessing time: 0 milli (00:00:00)
		Unknown: 0 milli (00:00:00)
	Breakdown for main loop:
		[13.85%] Simplex steps: 0 milli
		[1.92%] Explicit-basis bound tightening: 0 milli
		[0.00%] Constraint-matrix bound tightening: 0 milli
		[0.00%] Degradation checking: 0 milli
		[0.00%] Precision restoration: 0 milli
		[0.00%] Statistics handling: 0 milli
		[4.23%] Constraint-fixing steps: 0 milli
		[0.00%] Valid case splits: 0 milli. Average per split: 0.00 milli
		[1.15%] Applying stored bound-tightening: 0 milli
		[12.31%] SMT core: 0 milli
		[71.92%] Symbolic Bound Tightening: 0 milli
		[0.00%] SoI-based local search: 0 milli
		[0.00%] SoI-based local search: 0 milli
		[7094901566811366400.00%] Unaccounted for: 0 milli
	--- Preprocessor Statistics ---
	Number of preprocessor bound-tightening loop iterations: 3
	Number of eliminated variables: 0
	Number of constraints removed due to variable elimination: 0
	Number of equations removed due to variable elimination: 0
	--- Engine Statistics ---
	Number of main loop iterations: 21
		11 iterations were simplex steps. Total time: 0 milli. Average: 0.00 milli.
		3 iterations were constraint-fixing steps. Total time: 0 milli. Average: 0.00 milli
	Number of active piecewise-linear constraints: 0 / 2
		Constraints disabled by valid splits: 0. By SMT-originated splits: 2
	Last reported degradation: 0.0000000000. Max degradation so far: 0.0000000000. Restorations so far: 0
	Number of simplex pivots we attempted to skip because of instability: 0.
	Unstable pivots performed anyway: 0
	--- Tableau Statistics ---
	Total number of pivots performed: 11
		Real pivots: 7. Degenerate: 4 (36.36%)
		Degenerate pivots by request (e.g., to fix a PL constraint): 3 (75.00%)
		Average time per pivot: 0.00 milli
	Total number of fake pivots performed: 0
	Total number of rows added: 0. Number of merged columns: 0
	Current tableau dimensions: M = 5, N = 14
	--- SMT Core Statistics ---
	Total depth is 2. Total visited states: 6. Number of splits: 3. Number of pops: 2
	Max stack depth: 2
	--- Bound Tightening Statistics ---
	Number of tightened bounds: 16.
		Number of rows examined by row tightener: 8. Consequent tightenings: 7
		Number of explicit basis matrices examined by row tightener: 1. Consequent tightenings: 0
		Number of bound tightening rounds on the entire constraint matrix: 0. Consequent tightenings: 0
		Number of bound notifications sent to PL constraints: 25. Tightenings proposed: 0
	--- Basis Factorization statistics ---
	Number of basis refactorizations: 2
	--- Projected Steepest Edge Statistics ---
	Number of iterations: 8.
	Number of resets to reference space: 3. Avg. iterations per reset: 2
	--- SBT ---
	Number of tightened bounds: 6
	--- SoI-based local search ---
	Number of proposed phase pattern update: 0. Number of accepted update: 0 [0.00%]
	Total time (% of local search time) updating SoI phase pattern : 0 milli [0.00%]
	Total time obtaining current assignment: 0 milli [0.00%]
	Total time getting SoI phase pattern : 0 milli [0.00%]
Search Tree size: 6
sat
Input assignment:
	x0 = 0.845552
	x1 = 0.227050

Output:
	y0 = 0.299695

Summary path /home/center/Delta-Marabou/resources/nnet/test1.nnet.summary
